// Jest Snapshot v1, https://goo.gl/fbAQLP

exports[`WeatherIcon renders correctly 1`] = `
<div
  aria-label="icon"
  className="css-view-1dbjc4n"
  style={
    Object {
      "WebkitFlexBasis": "auto",
      "flexBasis": "auto",
      "height": "50px",
      "msFlexPreferredSize": "auto",
      "overflowX": "hidden",
      "overflowY": "hidden",
      "width": "50px",
      "zIndex": 0,
    }
  }
>
  <div
    className="css-view-1dbjc4n"
    style={
      Object {
        "backgroundColor": "rgba(0,0,0,0.00)",
        "backgroundPosition": "center",
        "backgroundRepeat": "no-repeat",
        "backgroundSize": "cover",
        "bottom": "0px",
        "height": "100%",
        "left": "0px",
        "position": "absolute",
        "right": "0px",
        "top": "0px",
        "width": "100%",
        "zIndex": -1,
      }
    }
    suppressHydrationWarning={true}
  />
</div>
`;
